Building DAG of jobs...
Using shell: /usr/bin/bash
Provided cores: 1 (use --cores to define parallelism)
Rules claiming more threads will be scaled down.
Job stats:
job                  count
-----------------  -------
all                      1
analyze_results          1
preprocess_inputs        1
run_model                1
total                    4

Select jobs to execute...

[Thu Jun 25 16:10:05 2026]
rule preprocess_inputs:
    output: data/processed_inputs.done
    log: results/logs/preprocess_inputs.log
    jobid: 3
    reason: Missing output files: data/processed_inputs.done
    resources: tmpdir=/tmp


        mkdir -p results/logs data
        python scripts/preprocess_inputs.py > results/logs/preprocess_inputs.log 2>&1
        touch data/processed_inputs.done
        
[Thu Jun 25 16:10:10 2026]
Finished job 3.
1 of 4 steps (25%) done
Select jobs to execute...

[Thu Jun 25 16:10:10 2026]
rule run_model:
    input: data/processed_inputs.done, configs/scenario.yaml
    output: results/network_solved.nc
    log: results/logs/run_model.log
    jobid: 2
    reason: Missing output files: results/network_solved.nc; Updated input files: configs/scenario.yaml; Input files updated by another job: data/processed_inputs.done
    resources: tmpdir=/tmp


        mkdir -p results/logs results
        python scripts/run_model.py > results/logs/run_model.log 2>&1
        test -f results/network_solved.nc
        
[Thu Jun 25 16:10:32 2026]
Finished job 2.
2 of 4 steps (50%) done
Select jobs to execute...

[Thu Jun 25 16:10:32 2026]
rule analyze_results:
    input: results/network_solved.nc, configs/scenario.yaml
    output: results/summary.csv
    log: results/logs/analyze_results.log
    jobid: 1
    reason: Input files updated by another job: results/network_solved.nc
    resources: tmpdir=/tmp


        mkdir -p results/logs results
        python scripts/analyze_results.py > results/logs/analyze_results.log 2>&1
        test -f results/summary.csv
        
[Thu Jun 25 16:10:48 2026]
Finished job 1.
3 of 4 steps (75%) done
Select jobs to execute...

[Thu Jun 25 16:10:48 2026]
localrule all:
    input: results/summary.csv
    jobid: 0
    reason: Input files updated by another job: results/summary.csv
    resources: tmpdir=/tmp

[Thu Jun 25 16:10:48 2026]
Finished job 0.
4 of 4 steps (100%) done
Complete log: .snakemake/log/2026-06-25T161003.986823.snakemake.log
