Building DAG of jobs...
Using shell: /usr/bin/bash
Provided cores: 1 (use --cores to define parallelism)
Rules claiming more threads will be scaled down.
Job stats:
job                  count
-----------------  -------
preprocess_inputs        1
run_model                1
total                    2

Select jobs to execute...

[Thu Aug 13 12:25:20 2026]
rule preprocess_inputs:
    input: configs/scenarios/scenario_base.yaml
    output: data/scenario_base/processed_inputs.done
    log: results/scenario_base/logs/preprocess_inputs.log
    jobid: 1
    reason: Forced execution
    resources: tmpdir=/tmp

[Thu Aug 13 12:25:25 2026]
Finished job 1.
1 of 2 steps (50%) done
Select jobs to execute...

[Thu Aug 13 12:25:25 2026]
rule run_model:
    input: data/scenario_base/processed_inputs.done, configs/scenarios/scenario_base.yaml
    output: results/scenario_base/network_solved.nc
    log: results/scenario_base/logs/run_model.log
    jobid: 0
    reason: Input files updated by another job: data/scenario_base/processed_inputs.done
    resources: tmpdir=/tmp

[Thu Aug 13 12:25:36 2026]
Finished job 0.
2 of 2 steps (100%) done
Complete log: .snakemake/log/2026-08-13T122520.125906.snakemake.log
