Building DAG of jobs...
Using shell: /usr/bin/bash
Provided cores: 1 (use --cores to define parallelism)
Rules claiming more threads will be scaled down.
Job stats:
job                  count
-----------------  -------
all                      1
analyze_results          1
preprocess_inputs        1
run_model                1
total                    4

Select jobs to execute...

[Tue Jun 30 12:59:28 2026]
rule preprocess_inputs:
    input: configs/scenarios/scenario_base.yaml
    output: data/scenario_base/processed_inputs.done
    log: results/scenario_base/logs/preprocess_inputs.log
    jobid: 3
    reason: Forced execution
    resources: tmpdir=/tmp


        mkdir -p results/scenario_base/logs data/scenario_base
        python scripts/preprocess_inputs.py \
            --config configs/scenarios/scenario_base.yaml \
            --data-dir data/scenario_base \
            > results/scenario_base/logs/preprocess_inputs.log 2>&1
        touch data/scenario_base/processed_inputs.done
        
[Tue Jun 30 12:59:31 2026]
Finished job 3.
1 of 4 steps (25%) done
Select jobs to execute...

[Tue Jun 30 12:59:31 2026]
rule run_model:
    input: data/scenario_base/processed_inputs.done, configs/scenarios/scenario_base.yaml
    output: results/scenario_base/network_solved.nc
    log: results/scenario_base/logs/run_model.log
    jobid: 2
    reason: Input files updated by another job: data/scenario_base/processed_inputs.done
    resources: tmpdir=/tmp


        mkdir -p results/scenario_base/logs results/scenario_base
        python scripts/run_model.py \
            --config configs/scenarios/scenario_base.yaml \
            --data-dir data/scenario_base \
            --output-network results/scenario_base/network_solved.nc \
            > results/scenario_base/logs/run_model.log 2>&1
        test -f results/scenario_base/network_solved.nc
        
[Tue Jun 30 12:59:39 2026]
Finished job 2.
2 of 4 steps (50%) done
Select jobs to execute...

[Tue Jun 30 12:59:39 2026]
rule analyze_results:
    input: results/scenario_base/network_solved.nc, configs/scenarios/scenario_base.yaml
    output: results/scenario_base/summary.csv
    log: results/scenario_base/logs/analyze_results.log
    jobid: 1
    reason: Input files updated by another job: results/scenario_base/network_solved.nc
    resources: tmpdir=/tmp


        mkdir -p results/scenario_base/logs results/scenario_base
        python scripts/analyze_results.py \
            --config configs/scenarios/scenario_base.yaml \
            --network results/scenario_base/network_solved.nc \
            --outdir results/scenario_base \
            > results/scenario_base/logs/analyze_results.log 2>&1
        test -f results/scenario_base/summary.csv
        
[Tue Jun 30 12:59:52 2026]
Finished job 1.
3 of 4 steps (75%) done
Select jobs to execute...

[Tue Jun 30 12:59:52 2026]
localrule all:
    input: results/scenario_base/summary.csv
    jobid: 0
    reason: Input files updated by another job: results/scenario_base/summary.csv
    resources: tmpdir=/tmp

[Tue Jun 30 12:59:52 2026]
Finished job 0.
4 of 4 steps (100%) done
Complete log: .snakemake/log/2026-06-30T125926.608516.snakemake.log
