Building DAG of jobs...
Using shell: /usr/bin/bash
Provided cores: 1 (use --cores to define parallelism)
Rules claiming more threads will be scaled down.
Job stats:
job                count
---------------  -------
all                    1
analyze_results        1
run_model              1
total                  3

Select jobs to execute...

[Fri Jun 26 14:37:18 2026]
rule run_model:
    input: data/processed_inputs.done, configs/scenario.yaml
    output: results/network_solved.nc
    log: results/logs/run_model.log
    jobid: 2
    reason: Updated input files: configs/scenario.yaml
    resources: tmpdir=/tmp


        mkdir -p results/logs results
        python scripts/run_model.py > results/logs/run_model.log 2>&1
        test -f results/network_solved.nc
        
[Fri Jun 26 14:37:25 2026]
Error in rule run_model:
    jobid: 2
    input: data/processed_inputs.done, configs/scenario.yaml
    output: results/network_solved.nc
    log: results/logs/run_model.log (check log file(s) for error details)
    shell:
        
        mkdir -p results/logs results
        python scripts/run_model.py > results/logs/run_model.log 2>&1
        test -f results/network_solved.nc
        
        (one of the commands exited with non-zero exit code; note that snakemake uses bash strict mode!)

Shutting down, this might take some time.
Exiting because a job execution failed. Look above for error message
Complete log: .snakemake/log/2026-06-26T143716.702398.snakemake.log
