INFO:pypsa.network.io:New version 1.2.4 available! (Current: 1.2.0)
INFO:pypsa.network.io:Imported network 'Unnamed Network' has buses, generators, links, loads, stores, sub_networks
INFO:choreographer.browsers.chromium:Chromium init'ed with kwargs {}
INFO:choreographer.browsers.chromium:Found chromium path: /home/jon/.local/share/choreographer/deps/chrome-linux64/chrome
INFO:choreographer.utils._tmpfile:Temp directory created: /tmp/tmpz_0mi2ca.
INFO:choreographer.browser_async:Opening browser.
INFO:choreographer.utils._tmpfile:Temp directory created: /tmp/tmpdxdo3r63.
INFO:choreographer.browsers.chromium:Temporary directory at: /tmp/tmpdxdo3r63
INFO:kaleido.kaleido:Conforming 1 to file:///tmp/tmpz_0mi2ca/index.html
INFO:kaleido.kaleido:Getting tab from queue (has 1)
INFO:kaleido.kaleido:Got FA27
INFO:kaleido.kaleido:Reloading tab FA27 before return.
INFO:kaleido.kaleido:Putting tab FA27 back (queue size: 0).
INFO:kaleido.kaleido:Waiting for all cleanups to finish.
INFO:kaleido.kaleido:Exiting Kaleido.
INFO:choreographer.utils._tmpfile:TemporaryDirectory.cleanup() worked.
INFO:choreographer.utils._tmpfile:shutil.rmtree worked.
INFO:choreographer.browser_async:Closing browser.
INFO:choreographer.utils._tmpfile:TemporaryDirectory.cleanup() worked.
INFO:choreographer.utils._tmpfile:shutil.rmtree worked.
INFO:choreographer.browser_async:Closing browser.
INFO:kaleido.kaleido:Cancelling tasks.
INFO:kaleido.kaleido:Exiting Kaleido/Choreo.
INFO:choreographer.utils._tmpfile:TemporaryDirectory.cleanup() worked.
INFO:choreographer.utils._tmpfile:shutil.rmtree worked.
INFO:kaleido.kaleido:Cancelling tasks.
INFO:kaleido.kaleido:Exiting Kaleido/Choreo.
INFO:choreographer.utils._tmpfile:TemporaryDirectory.cleanup() worked.
INFO:choreographer.utils._tmpfile:shutil.rmtree worked.
INFO:choreographer.browsers.chromium:Chromium init'ed with kwargs {}
INFO:choreographer.browsers.chromium:Found chromium path: /home/jon/.local/share/choreographer/deps/chrome-linux64/chrome
INFO:choreographer.utils._tmpfile:Temp directory created: /tmp/tmpa4ofkibk.
INFO:choreographer.browser_async:Opening browser.
INFO:choreographer.utils._tmpfile:Temp directory created: /tmp/tmp9nnaf4_k.
INFO:choreographer.browsers.chromium:Temporary directory at: /tmp/tmp9nnaf4_k
INFO:kaleido.kaleido:Conforming 1 to file:///tmp/tmpa4ofkibk/index.html
INFO:kaleido.kaleido:Getting tab from queue (has 1)
INFO:kaleido.kaleido:Got C51D
INFO:kaleido.kaleido:Reloading tab C51D before return.
INFO:kaleido.kaleido:Putting tab C51D back (queue size: 0).
INFO:kaleido.kaleido:Waiting for all cleanups to finish.
INFO:kaleido.kaleido:Exiting Kaleido.
INFO:choreographer.utils._tmpfile:TemporaryDirectory.cleanup() worked.
INFO:choreographer.utils._tmpfile:shutil.rmtree worked.
INFO:choreographer.browser_async:Closing browser.
INFO:choreographer.utils._tmpfile:TemporaryDirectory.cleanup() worked.
INFO:choreographer.utils._tmpfile:shutil.rmtree worked.
INFO:choreographer.browser_async:Closing browser.
INFO:kaleido.kaleido:Cancelling tasks.
INFO:kaleido.kaleido:Exiting Kaleido/Choreo.
INFO:choreographer.utils._tmpfile:TemporaryDirectory.cleanup() worked.
INFO:choreographer.utils._tmpfile:shutil.rmtree worked.
INFO:kaleido.kaleido:Cancelling tasks.
INFO:kaleido.kaleido:Exiting Kaleido/Choreo.
INFO:choreographer.utils._tmpfile:TemporaryDirectory.cleanup() worked.
INFO:choreographer.utils._tmpfile:shutil.rmtree worked.
=== SCENARIO FILE ===
scenario_base.yaml
=== HYDROGEN SETTINGS ===
enabled: true
mode: flexible_sink
electrolyzer_efficiency: 0.7
electrolyzer_variable_cost_eur_per_mwh: 0.0
cyclic_storage: true
storage_standing_loss: 0.0

=== MINING SETTINGS ===
enabled: true
max_capacity_mw: 200
min_utilization: 0.0
hashprice_eur_per_th_day: 0.08
asic_efficiency_j_per_th: 16.0
other_opex_eur_per_mwh: 0.0


=== MINING RESULTS ===
  Total electricity consumed by mining : 1,752,000.0 MWh
  Mining utilization rate              : 100.0%
  Hours at full capacity               : 8760
  Hours at zero                        : 0
=== SUMMARY ===
                                                              0
scenario_file                                scenario_base.yaml
scenario_name                 base_h2_btc_costs2030_weather2025
hydrogen_enabled                                           True
hydrogen_mode                                     flexible_sink
mining_enabled                                             True
objective                                   -175353056490.79834
total_capex                                    3689361121.43847
total_opex                                 -179042417612.236633
system_cost                                -175353056490.798157
solar_generation_mwh                            51418682.477042
wind_generation_mwh                             50352439.339568
load_shedding_mwh                                 3110678.18339
load_shedding_share                                    0.030163
electricity_demand_mwh                              103129800.0
hydrogen_demand_mwh                                         0.0
electrolyzer_input_mwh                                      0.0
hydrogen_output_mwh                                        -0.0
simple_lcoe_per_mwh                                 -1723.01389
simple_cost_per_hydrogen_mwh                               None
renewable_share_used                                    0.00068
storage_cycles_approx                                      None
mining_consumption_mwh                                1752000.0
mining_utilization_rate                                     1.0
mining_max_capacity_mw                                    200.0

=== GENERATORS ===
                            carrier     p_nom_opt
name                                             
solar                         solar  8.022603e+06
wind                           wind  3.006092e+07
load_shedding         load_shedding  1.363602e+04
hydrogen_sink         hydrogen_sink  0.000000e+00
bitcoin_mining_sink  bitcoin_mining  2.000000e+02

=== LINKS ===
                   carrier  p_nom_opt
name                                 
electrolyzer  electrolyzer        0.0

=== STORES ===
                           carrier  e_nom_opt
name                                         
hydrogen_storage  hydrogen_storage        0.0

=== CAPACITY FACTORS ===
          asset  capacity_opt  total_output_or_input_mwh  capacity_factor
0         solar  8.022603e+06               5.141868e+07         0.000732
1          wind  3.006092e+07               5.035244e+07         0.000191
2  electrolyzer  0.000000e+00               0.000000e+00              NaN

=== CURTAILMENT ===
   asset  available_mwh    actual_mwh        curtailed_mwh curtailment_rate
0  solar   1.227383e+10  5.141868e+07   12222407322.783092         0.995811
1   wind   1.373833e+11  5.035244e+07  137332923570.434555         0.999633

=== DISPATCH TIMESERIES HEAD ===
                         solar_mw       wind_mw  ...  hydrogen_output_mw  mining_mw
snapshot                                         ...                               
2025-01-01 00:00:00     -0.000000  13462.903226  ...                -0.0      200.0
2025-01-01 01:00:00     -0.000000  13462.903226  ...                -0.0      200.0
2025-01-01 02:00:00     -0.000000  13462.903226  ...                -0.0      200.0
2025-01-01 03:00:00  13462.903226     -0.000000  ...                -0.0      200.0
2025-01-01 04:00:00  13462.903226     -0.000000  ...                -0.0      200.0

[5 rows x 8 columns]

=== STORAGE SOC HEAD ===
                     hydrogen_storage_soc_mwh
snapshot                                     
2025-01-01 00:00:00                       0.0
2025-01-01 01:00:00                       0.0
2025-01-01 02:00:00                       0.0
2025-01-01 03:00:00                       0.0
2025-01-01 04:00:00                       0.0

CSV/HTML/PNG files written to results/scenario_base
